2026-09-23 12:38:02,468 [INFO] Сервер бота успешно запущен
2026-09-23 12:38:07,560 [INFO] Получена команда '/start' от 1858642113
2026-09-23 12:38:39,814 [INFO] Сформирована сводка. Проверено точек: 4
2026-09-23 12:39:17,463 [INFO] Получена команда '/status' от 1858642113
2026-09-23 12:39:31,144 [INFO] Сформирована сводка. Проверено точек: 4
2026-09-23 12:41:18,793 [ERROR] Ошибка в цикле бота: HTTPSConnectionPool(host='api.telegram.org', port=443): Read timed out. (read timeout=25)
2026-09-23 12:42:42,851 [ERROR] Ошибка в цикле бота: HTTPSConnectionPool(host='api.telegram.org', port=443): Read timed out. (read timeout=25)
2026-09-23 12:43:17,889 [ERROR] Ошибка в цикле бота: HTTPSConnectionPool(host='api.telegram.org', port=443): Read timed out. (read timeout=25)
2026-09-23 12:49:21,359 [ERROR] Ошибка в цикле бота: HTTPSConnectionPool(host='api.telegram.org', port=443): Read timed out. (read timeout=25)
2026-09-23 12:52:12,400 [ERROR] Ошибка в цикле бота: HTTPSConnectionPool(host='api.telegram.org', port=443): Read timed out. (read timeout=25)
2026-09-23 12:52:46,062 [ERROR] Ошибка в цикле бота: HTTPSConnectionPool(host='api.telegram.org', port=443): Read timed out. (read timeout=25)
2026-09-23 12:54:55,335 [ERROR] Ошибка в цикле бота: HTTPSConnectionPool(host='api.telegram.org', port=443): Read timed out. (read timeout=25)
2026-09-23 12:59:27,683 [ERROR] Ошибка в цикле бота: HTTPSConnectionPool(host='api.telegram.org', port=443): Read timed out. (read timeout=25)
2026-09-23 13:00:56,289 [INFO] Получена команда '/start' от 1858642113
2026-09-23 13:01:26,144 [INFO] Сформирована сводка. Проверено точек: 4
2026-09-23 14:07:52,819 [ERROR] Ошибка в цикле бота: ('Connection aborted.', ConnectionResetError(10054, 'Удаленный хост принудительно разорвал существующее подключение', None, 10054, None))
2026-09-23 14:07:57,879 [ERROR] Ошибка в цикле бота: HTTPSConnectionPool(host='api.telegram.org', port=443): Max retries exceeded with url: /bot8878692175:AAE9pK7NFFRTzJ0z56AwmDaDRSkMQum6glI/getUpdates?offset=631191490&timeout=20 (Caused by NameResolutionError("<urllib3.connection.HTTPSConnection object at 0x000001F85097F110>: Failed to resolve 'api.telegram.org' ([Errno 11001] getaddrinfo failed)"))
2026-09-23 14:08:02,882 [ERROR] Ошибка в цикле бота: HTTPSConnectionPool(host='api.telegram.org', port=443): Max retries exceeded with url: /bot8878692175:AAE9pK7NFFRTzJ0z56AwmDaDRSkMQum6glI/getUpdates?offset=631191490&timeout=20 (Caused by NameResolutionError("<urllib3.connection.HTTPSConnection object at 0x000001F85097F9D0>: Failed to resolve 'api.telegram.org' ([Errno 11001] getaddrinfo failed)"))
2026-09-23 14:08:08,764 [ERROR] Ошибка в цикле бота: HTTPSConnectionPool(host='api.telegram.org', port=443): Max retries exceeded with url: /bot8878692175:AAE9pK7NFFRTzJ0z56AwmDaDRSkMQum6glI/getUpdates?offset=631191490&timeout=20 (Caused by SSLError(SSLEOFError(8, '[SSL: UNEXPECTED_EOF_WHILE_READING] EOF occurred in violation of protocol (_ssl.c:1032)')))
2026-09-23 14:08:29,682 [ERROR] Ошибка в цикле бота: HTTPSConnectionPool(host='api.telegram.org', port=443): Max retries exceeded with url: /bot8878692175:AAE9pK7NFFRTzJ0z56AwmDaDRSkMQum6glI/getUpdates?offset=631191490&timeout=20 (Caused by SSLError(SSLEOFError(8, '[SSL: UNEXPECTED_EOF_WHILE_READING] EOF occurred in violation of protocol (_ssl.c:1032)')))
2026-09-23 14:08:35,275 [ERROR] Ошибка в цикле бота: HTTPSConnectionPool(host='api.telegram.org', port=443): Max retries exceeded with url: /bot8878692175:AAE9pK7NFFRTzJ0z56AwmDaDRSkMQum6glI/getUpdates?offset=631191490&timeout=20 (Caused by SSLError(SSLEOFError(8, '[SSL: UNEXPECTED_EOF_WHILE_READING] EOF occurred in violation of protocol (_ssl.c:1032)')))
2026-09-23 14:08:42,193 [ERROR] Ошибка в цикле бота: HTTPSConnectionPool(host='api.telegram.org', port=443): Max retries exceeded with url: /bot8878692175:AAE9pK7NFFRTzJ0z56AwmDaDRSkMQum6glI/getUpdates?offset=631191490&timeout=20 (Caused by SSLError(SSLEOFError(8, '[SSL: UNEXPECTED_EOF_WHILE_READING] EOF occurred in violation of protocol (_ssl.c:1032)')))
2026-09-23 14:08:47,194 [ERROR] Ошибка в цикле бота: HTTPSConnectionPool(host='api.telegram.org', port=443): Max retries exceeded with url: /bot8878692175:AAE9pK7NFFRTzJ0z56AwmDaDRSkMQum6glI/getUpdates?offset=631191490&timeout=20 (Caused by NameResolutionError("<urllib3.connection.HTTPSConnection object at 0x000001F850AD07D0>: Failed to resolve 'api.telegram.org' ([Errno 11001] getaddrinfo failed)"))
2026-09-23 14:09:08,678 [INFO] Получена команда '/status' от 1858642113
2026-09-23 14:10:02,423 [ERROR] Сбой подключения к Open-Meteo: HTTPSConnectionPool(host='api.open-meteo.com', port=443): Max retries exceeded with url: /v1/forecast?latitude=43.21&longitude=76.63&current=temperature_2m%2Cprecipitation (Caused by ConnectTimeoutError(<urllib3.connection.HTTPSConnection object at 0x000001F850AD0B90>, 'Connection to api.open-meteo.com timed out. (connect timeout=10)'))
2026-09-23 14:10:02,459 [INFO] Сформирована сводка. Проверено точек: 4
2026-09-23 14:10:24,518 [ERROR] Ошибка отправки сообщения: HTTPSConnectionPool(host='api.telegram.org', port=443): Max retries exceeded with url: /bot8878692175:AAE9pK7NFFRTzJ0z56AwmDaDRSkMQum6glI/sendMessage (Caused by ConnectTimeoutError(<urllib3.connection.HTTPSConnection object at 0x000001F85097FED0>, 'Connection to api.telegram.org timed out. (connect timeout=10)'))
2026-09-23 14:11:16,717 [ERROR] Ошибка в цикле бота: HTTPSConnectionPool(host='api.telegram.org', port=443): Read timed out. (read timeout=25)
2026-09-23 14:11:54,787 [ERROR] Ошибка в цикле бота: HTTPSConnectionPool(host='api.telegram.org', port=443): Max retries exceeded with url: /bot8878692175:AAE9pK7NFFRTzJ0z56AwmDaDRSkMQum6glI/getUpdates?offset=631191491&timeout=20 (Caused by ConnectTimeoutError(<urllib3.connection.HTTPSConnection object at 0x000001F85097FB10>, 'Connection to api.telegram.org timed out. (connect timeout=25)'))
2026-09-23 14:12:20,834 [ERROR] Ошибка в цикле бота: HTTPSConnectionPool(host='api.telegram.org', port=443): Max retries exceeded with url: /bot8878692175:AAE9pK7NFFRTzJ0z56AwmDaDRSkMQum6glI/getUpdates?offset=631191491&timeout=20 (Caused by ConnectTimeoutError(<urllib3.connection.HTTPSConnection object at 0x000001F85097F110>, 'Connection to api.telegram.org timed out. (connect timeout=25)'))
2026-09-23 14:12:49,180 [ERROR] Ошибка в цикле бота: HTTPSConnectionPool(host='api.telegram.org', port=443): Max retries exceeded with url: /bot8878692175:AAE9pK7NFFRTzJ0z56AwmDaDRSkMQum6glI/getUpdates?offset=631191491&timeout=20 (Caused by ConnectTimeoutError(<urllib3.connection.HTTPSConnection object at 0x000001F85097F390>, 'Connection to api.telegram.org timed out. (connect timeout=25)'))
2026-09-23 14:13:15,227 [ERROR] Ошибка в цикле бота: HTTPSConnectionPool(host='api.telegram.org', port=443): Max retries exceeded with url: /bot8878692175:AAE9pK7NFFRTzJ0z56AwmDaDRSkMQum6glI/getUpdates?offset=631191491&timeout=20 (Caused by ConnectTimeoutError(<urllib3.connection.HTTPSConnection object at 0x000001F85097E850>, 'Connection to api.telegram.org timed out. (connect timeout=25)'))
2026-09-23 14:13:48,278 [ERROR] Ошибка в цикле бота: HTTPSConnectionPool(host='api.telegram.org', port=443): Read timed out. (read timeout=25)
2026-09-23 14:15:40,658 [ERROR] Ошибка в цикле бота: HTTPSConnectionPool(host='api.telegram.org', port=443): Read timed out. (read timeout=25)
